2025-08-22 22:15:55,482 INFO autoreload Watching for file changes with StatReloader
2025-08-22 22:16:03,170 ERROR log Internal Server Error: /
Traceback (most recent call last):
  File "C:\Users\lymuthien\AppData\Local\Programs\Python\Python313\Lib\site-packages\django\core\handlers\exception.py", line 55, in inner
    response = get_response(request)
  File "C:\Users\lymuthien\AppData\Local\Programs\Python\Python313\Lib\site-packages\django\utils\deprecation.py", line 119, in __call__
    response = self.process_request(request)
  File "C:\Users\lymuthien\AppData\Local\Programs\Python\Python313\Lib\site-packages\django\contrib\messages\middleware.py", line 12, in process_request
    request._messages = default_storage(request)
                        ~~~~~~~~~~~~~~~^^^^^^^^^
  File "C:\Users\lymuthien\AppData\Local\Programs\Python\Python313\Lib\site-packages\django\contrib\messages\storage\__init__.py", line 12, in default_storage
    return import_string(settings.MESSAGE_STORAGE)(request)
           ~~~~~~~~~~~~~~~~~~~~~~~~~~~~~~~~~~~~~~~^^^^^^^^^
  File "C:\Users\lymuthien\AppData\Local\Programs\Python\Python313\Lib\site-packages\django\contrib\messages\storage\fallback.py", line 17, in __init__
    storage_class(*args, **kwargs) for storage_class in self.storage_classes
    ~~~~~~~~~~~~~^^^^^^^^^^^^^^^^^
  File "C:\Users\lymuthien\AppData\Local\Programs\Python\Python313\Lib\site-packages\django\contrib\messages\storage\cookie.py", line 92, in __init__
    self.signer = signing.get_cookie_signer(salt=self.key_salt)
                  ~~~~~~~~~~~~~~~~~~~~~~~~~^^^^^^^^^^^^^^^^^^^^
  File "C:\Users\lymuthien\AppData\Local\Programs\Python\Python313\Lib\site-packages\django\core\signing.py", line 112, in get_cookie_signer
    key=_cookie_signer_key(settings.SECRET_KEY),
                           ^^^^^^^^^^^^^^^^^^^
  File "C:\Users\lymuthien\AppData\Local\Programs\Python\Python313\Lib\site-packages\django\conf\__init__.py", line 90, in __getattr__
    raise ImproperlyConfigured("The SECRET_KEY setting must not be empty.")
django.core.exceptions.ImproperlyConfigured: The SECRET_KEY setting must not be empty.
2025-08-22 22:16:03,261 ERROR log Internal Server Error: /favicon.ico
Traceback (most recent call last):
  File "C:\Users\lymuthien\AppData\Local\Programs\Python\Python313\Lib\site-packages\django\core\handlers\exception.py", line 55, in inner
    response = get_response(request)
  File "C:\Users\lymuthien\AppData\Local\Programs\Python\Python313\Lib\site-packages\django\utils\deprecation.py", line 119, in __call__
    response = self.process_request(request)
  File "C:\Users\lymuthien\AppData\Local\Programs\Python\Python313\Lib\site-packages\django\contrib\messages\middleware.py", line 12, in process_request
    request._messages = default_storage(request)
                        ~~~~~~~~~~~~~~~^^^^^^^^^
  File "C:\Users\lymuthien\AppData\Local\Programs\Python\Python313\Lib\site-packages\django\contrib\messages\storage\__init__.py", line 12, in default_storage
    return import_string(settings.MESSAGE_STORAGE)(request)
           ~~~~~~~~~~~~~~~~~~~~~~~~~~~~~~~~~~~~~~~^^^^^^^^^
  File "C:\Users\lymuthien\AppData\Local\Programs\Python\Python313\Lib\site-packages\django\contrib\messages\storage\fallback.py", line 17, in __init__
    storage_class(*args, **kwargs) for storage_class in self.storage_classes
    ~~~~~~~~~~~~~^^^^^^^^^^^^^^^^^
  File "C:\Users\lymuthien\AppData\Local\Programs\Python\Python313\Lib\site-packages\django\contrib\messages\storage\cookie.py", line 92, in __init__
    self.signer = signing.get_cookie_signer(salt=self.key_salt)
                  ~~~~~~~~~~~~~~~~~~~~~~~~~^^^^^^^^^^^^^^^^^^^^
  File "C:\Users\lymuthien\AppData\Local\Programs\Python\Python313\Lib\site-packages\django\core\signing.py", line 112, in get_cookie_signer
    key=_cookie_signer_key(settings.SECRET_KEY),
                           ^^^^^^^^^^^^^^^^^^^
  File "C:\Users\lymuthien\AppData\Local\Programs\Python\Python313\Lib\site-packages\django\conf\__init__.py", line 90, in __getattr__
    raise ImproperlyConfigured("The SECRET_KEY setting must not be empty.")
django.core.exceptions.ImproperlyConfigured: The SECRET_KEY setting must not be empty.
2025-08-22 22:17:51,302 INFO autoreload Watching for file changes with StatReloader
2025-08-22 22:17:53,085 WARNING log Not Found: /favicon.ico
2025-08-22 22:18:26,928 WARNING log Not Found: /media/news/631574e49054bfed58c12994d9a90228.jpg
2025-08-22 22:18:28,829 WARNING log Not Found: /media/news/631574e49054bfed58c12994d9a90228.jpg
2025-08-22 22:18:31,289 WARNING log Not Found: /media/contacts/tatsiana.jpg
2025-08-22 22:18:31,292 WARNING log Not Found: /media/contacts/nikita_danilov_QqtARyR.jpg
2025-08-22 22:18:31,293 WARNING log Not Found: /media/contacts/kseny.jpg
2025-08-22 22:18:31,295 WARNING log Not Found: /media/contacts/elizabeth.jpg
2025-08-22 22:18:36,763 INFO views ServiceListView queryset prepared
2025-08-22 22:18:49,176 INFO views AvailableEstateListView queryset prepared
2025-08-22 22:18:49,250 WARNING log Not Found: /media/image_placeholder.jpg
2025-08-22 22:18:49,252 WARNING log Not Found: /media/estates/90895d37-3d94-455d-bacd-b71c2a6674f1.jpg
2025-08-22 22:18:49,252 WARNING log Not Found: /media/estates/447579f4-d4ad-4eca-b149-2bba0e1981f3.jpg
2025-08-22 22:18:49,253 WARNING log Not Found: /media/estates/85421d69-1f09-4742-92aa-6cc1dcd3ba7d.jpg
2025-08-22 22:18:49,255 WARNING log Not Found: /media/estates/ec8ffa92-68d7-4833-9f59-5812f0780331.jpg
2025-08-22 22:18:51,892 INFO views AvailableEstateListView queryset prepared
2025-08-22 22:18:51,957 WARNING log Not Found: /media/image_placeholder.jpg
2025-08-22 22:18:51,958 WARNING log Not Found: /media/estates/85421d69-1f09-4742-92aa-6cc1dcd3ba7d.jpg
2025-08-22 22:18:51,958 WARNING log Not Found: /media/estates/90895d37-3d94-455d-bacd-b71c2a6674f1.jpg
2025-08-22 22:18:51,964 WARNING log Not Found: /media/estates/447579f4-d4ad-4eca-b149-2bba0e1981f3.jpg
2025-08-22 22:18:51,965 WARNING log Not Found: /media/estates/ec8ffa92-68d7-4833-9f59-5812f0780331.jpg
2025-08-22 22:19:02,147 WARNING log Not Found: /media/contacts/tatsiana.jpg
2025-08-22 22:19:02,148 WARNING log Not Found: /media/contacts/nikita_danilov_QqtARyR.jpg
2025-08-22 22:19:02,149 WARNING log Not Found: /media/contacts/kseny.jpg
2025-08-22 22:19:02,151 WARNING log Not Found: /media/contacts/elizabeth.jpg
2025-08-22 22:19:04,362 INFO views ServiceListView queryset prepared
2025-08-22 22:19:04,838 INFO views AvailableEstateListView queryset prepared
2025-08-22 22:19:04,912 WARNING log Not Found: /media/image_placeholder.jpg
2025-08-22 22:19:04,914 WARNING log Not Found: /media/estates/90895d37-3d94-455d-bacd-b71c2a6674f1.jpg
2025-08-22 22:19:04,915 WARNING log Not Found: /media/estates/447579f4-d4ad-4eca-b149-2bba0e1981f3.jpg
2025-08-22 22:19:04,916 WARNING log Not Found: /media/estates/85421d69-1f09-4742-92aa-6cc1dcd3ba7d.jpg
2025-08-22 22:19:04,918 WARNING log Not Found: /media/estates/ec8ffa92-68d7-4833-9f59-5812f0780331.jpg
2025-08-22 22:19:06,603 INFO timezone_service ip:127.0.0.1
2025-08-22 22:19:06,898 INFO views Timezone determined for user Ann: UTC
2025-08-22 22:22:19,901 INFO autoreload Watching for file changes with StatReloader
2025-08-22 22:23:03,179 INFO timezone_service ip:127.0.0.1
2025-08-22 22:23:03,545 INFO views Timezone determined for user lymuthien: UTC
2025-08-22 22:23:11,659 INFO views ServiceListView queryset prepared
2025-08-22 22:23:12,926 INFO views AvailableEstateListView queryset prepared
2025-08-22 22:23:13,026 WARNING log Not Found: /media/image_placeholder.jpg
2025-08-22 22:23:13,026 WARNING log Not Found: /media/estates/90895d37-3d94-455d-bacd-b71c2a6674f1.jpg
2025-08-22 22:23:13,027 WARNING log Not Found: /media/estates/447579f4-d4ad-4eca-b149-2bba0e1981f3.jpg
2025-08-22 22:23:13,027 WARNING log Not Found: /media/estates/85421d69-1f09-4742-92aa-6cc1dcd3ba7d.jpg
2025-08-22 22:23:13,030 WARNING log Not Found: /media/estates/ec8ffa92-68d7-4833-9f59-5812f0780331.jpg
2025-08-22 22:23:53,961 WARNING log Not Found: /static/admin/css/base.css
2025-08-22 22:23:53,961 WARNING log Not Found: /static/admin/css/dark_mode.css
2025-08-22 22:23:53,962 WARNING log Not Found: /static/admin/js/theme.js
2025-08-22 22:23:53,962 WARNING log Not Found: /static/admin/css/nav_sidebar.css
2025-08-22 22:23:53,963 WARNING log Not Found: /static/admin/css/dashboard.css
2025-08-22 22:23:53,965 WARNING log Not Found: /static/admin/css/responsive.css
2025-08-22 22:23:53,975 WARNING log Not Found: /static/admin/js/nav_sidebar.js
2025-08-22 22:24:53,663 INFO autoreload D:\PythonProjects\BSUIR_IGI_STRWEB\IGI\LR5\real_estate_agency\real_estate_agency\settings.py changed, reloading.
2025-08-22 22:24:56,687 INFO autoreload Watching for file changes with StatReloader
2025-08-22 22:25:12,795 INFO views ServiceListView queryset prepared
2025-08-22 22:25:13,178 INFO views AvailableEstateListView queryset prepared
2025-08-22 22:27:17,933 INFO views AvailableEstateListView queryset prepared
2025-08-22 22:27:18,014 ERROR log Internal Server Error: /catalog/
Traceback (most recent call last):
  File "C:\Users\lymuthien\AppData\Local\Programs\Python\Python313\Lib\site-packages\django\core\handlers\exception.py", line 55, in inner
    response = get_response(request)
  File "C:\Users\lymuthien\AppData\Local\Programs\Python\Python313\Lib\site-packages\django\core\handlers\base.py", line 220, in _get_response
    response = response.render()
  File "C:\Users\lymuthien\AppData\Local\Programs\Python\Python313\Lib\site-packages\django\template\response.py", line 114, in render
    self.content = self.rendered_content
                   ^^^^^^^^^^^^^^^^^^^^^
  File "C:\Users\lymuthien\AppData\Local\Programs\Python\Python313\Lib\site-packages\django\template\response.py", line 92, in rendered_content
    return template.render(context, self._request)
           ~~~~~~~~~~~~~~~^^^^^^^^^^^^^^^^^^^^^^^^
  File "C:\Users\lymuthien\AppData\Local\Programs\Python\Python313\Lib\site-packages\django\template\backends\django.py", line 107, in render
    return self.template.render(context)
           ~~~~~~~~~~~~~~~~~~~~^^^^^^^^^
  File "C:\Users\lymuthien\AppData\Local\Programs\Python\Python313\Lib\site-packages\django\template\base.py", line 171, in render
    return self._render(context)
           ~~~~~~~~~~~~^^^^^^^^^
  File "C:\Users\lymuthien\AppData\Local\Programs\Python\Python313\Lib\site-packages\django\template\base.py", line 163, in _render
    return self.nodelist.render(context)
           ~~~~~~~~~~~~~~~~~~~~^^^^^^^^^
  File "C:\Users\lymuthien\AppData\Local\Programs\Python\Python313\Lib\site-packages\django\template\base.py", line 1016, in render
    return SafeString("".join([node.render_annotated(context) for node in self]))
                               ~~~~~~~~~~~~~~~~~~~~~^^^^^^^^^
  File "C:\Users\lymuthien\AppData\Local\Programs\Python\Python313\Lib\site-packages\django\template\base.py", line 977, in render_annotated
    return self.render(context)
           ~~~~~~~~~~~^^^^^^^^^
  File "C:\Users\lymuthien\AppData\Local\Programs\Python\Python313\Lib\site-packages\django\template\loader_tags.py", line 159, in render
    return compiled_parent._render(context)
           ~~~~~~~~~~~~~~~~~~~~~~~^^^^^^^^^
  File "C:\Users\lymuthien\AppData\Local\Programs\Python\Python313\Lib\site-packages\django\template\base.py", line 163, in _render
    return self.nodelist.render(context)
           ~~~~~~~~~~~~~~~~~~~~^^^^^^^^^
  File "C:\Users\lymuthien\AppData\Local\Programs\Python\Python313\Lib\site-packages\django\template\base.py", line 1016, in render
    return SafeString("".join([node.render_annotated(context) for node in self]))
                               ~~~~~~~~~~~~~~~~~~~~~^^^^^^^^^
  File "C:\Users\lymuthien\AppData\Local\Programs\Python\Python313\Lib\site-packages\django\template\base.py", line 977, in render_annotated
    return self.render(context)
           ~~~~~~~~~~~^^^^^^^^^
  File "C:\Users\lymuthien\AppData\Local\Programs\Python\Python313\Lib\site-packages\django\template\loader_tags.py", line 65, in render
    result = block.nodelist.render(context)
  File "C:\Users\lymuthien\AppData\Local\Programs\Python\Python313\Lib\site-packages\django\template\base.py", line 1016, in render
    return SafeString("".join([node.render_annotated(context) for node in self]))
                               ~~~~~~~~~~~~~~~~~~~~~^^^^^^^^^
  File "C:\Users\lymuthien\AppData\Local\Programs\Python\Python313\Lib\site-packages\django\template\base.py", line 977, in render_annotated
    return self.render(context)
           ~~~~~~~~~~~^^^^^^^^^
  File "C:\Users\lymuthien\AppData\Local\Programs\Python\Python313\Lib\site-packages\django\template\defaulttags.py", line 327, in render
    return nodelist.render(context)
           ~~~~~~~~~~~~~~~^^^^^^^^^
  File "C:\Users\lymuthien\AppData\Local\Programs\Python\Python313\Lib\site-packages\django\template\base.py", line 1016, in render
    return SafeString("".join([node.render_annotated(context) for node in self]))
                               ~~~~~~~~~~~~~~~~~~~~~^^^^^^^^^
  File "C:\Users\lymuthien\AppData\Local\Programs\Python\Python313\Lib\site-packages\django\template\base.py", line 977, in render_annotated
    return self.render(context)
           ~~~~~~~~~~~^^^^^^^^^
  File "C:\Users\lymuthien\AppData\Local\Programs\Python\Python313\Lib\site-packages\django\template\defaulttags.py", line 327, in render
    return nodelist.render(context)
           ~~~~~~~~~~~~~~~^^^^^^^^^
  File "C:\Users\lymuthien\AppData\Local\Programs\Python\Python313\Lib\site-packages\django\template\base.py", line 1016, in render
    return SafeString("".join([node.render_annotated(context) for node in self]))
                               ~~~~~~~~~~~~~~~~~~~~~^^^^^^^^^
  File "C:\Users\lymuthien\AppData\Local\Programs\Python\Python313\Lib\site-packages\django\template\base.py", line 977, in render_annotated
    return self.render(context)
           ~~~~~~~~~~~^^^^^^^^^
  File "C:\Users\lymuthien\AppData\Local\Programs\Python\Python313\Lib\site-packages\django\template\defaulttags.py", line 480, in render
    url = reverse(view_name, args=args, kwargs=kwargs, current_app=current_app)
  File "C:\Users\lymuthien\AppData\Local\Programs\Python\Python313\Lib\site-packages\django\urls\base.py", line 98, in reverse
    resolved_url = resolver._reverse_with_prefix(view, prefix, *args, **kwargs)
  File "C:\Users\lymuthien\AppData\Local\Programs\Python\Python313\Lib\site-packages\django\urls\resolvers.py", line 831, in _reverse_with_prefix
    raise NoReverseMatch(msg)
django.urls.exceptions.NoReverseMatch: Reverse for 'estate_create' not found. 'estate_create' is not a valid view function or pattern name.
2025-08-22 22:27:30,646 INFO views AvailableEstateListView queryset prepared
2025-08-22 22:27:30,708 ERROR log Internal Server Error: /catalog/
Traceback (most recent call last):
  File "C:\Users\lymuthien\AppData\Local\Programs\Python\Python313\Lib\site-packages\django\core\handlers\exception.py", line 55, in inner
    response = get_response(request)
  File "C:\Users\lymuthien\AppData\Local\Programs\Python\Python313\Lib\site-packages\django\core\handlers\base.py", line 220, in _get_response
    response = response.render()
  File "C:\Users\lymuthien\AppData\Local\Programs\Python\Python313\Lib\site-packages\django\template\response.py", line 114, in render
    self.content = self.rendered_content
                   ^^^^^^^^^^^^^^^^^^^^^
  File "C:\Users\lymuthien\AppData\Local\Programs\Python\Python313\Lib\site-packages\django\template\response.py", line 92, in rendered_content
    return template.render(context, self._request)
           ~~~~~~~~~~~~~~~^^^^^^^^^^^^^^^^^^^^^^^^
  File "C:\Users\lymuthien\AppData\Local\Programs\Python\Python313\Lib\site-packages\django\template\backends\django.py", line 107, in render
    return self.template.render(context)
           ~~~~~~~~~~~~~~~~~~~~^^^^^^^^^
  File "C:\Users\lymuthien\AppData\Local\Programs\Python\Python313\Lib\site-packages\django\template\base.py", line 171, in render
    return self._render(context)
           ~~~~~~~~~~~~^^^^^^^^^
  File "C:\Users\lymuthien\AppData\Local\Programs\Python\Python313\Lib\site-packages\django\template\base.py", line 163, in _render
    return self.nodelist.render(context)
           ~~~~~~~~~~~~~~~~~~~~^^^^^^^^^
  File "C:\Users\lymuthien\AppData\Local\Programs\Python\Python313\Lib\site-packages\django\template\base.py", line 1016, in render
    return SafeString("".join([node.render_annotated(context) for node in self]))
                               ~~~~~~~~~~~~~~~~~~~~~^^^^^^^^^
  File "C:\Users\lymuthien\AppData\Local\Programs\Python\Python313\Lib\site-packages\django\template\base.py", line 977, in render_annotated
    return self.render(context)
           ~~~~~~~~~~~^^^^^^^^^
  File "C:\Users\lymuthien\AppData\Local\Programs\Python\Python313\Lib\site-packages\django\template\loader_tags.py", line 159, in render
    return compiled_parent._render(context)
           ~~~~~~~~~~~~~~~~~~~~~~~^^^^^^^^^
  File "C:\Users\lymuthien\AppData\Local\Programs\Python\Python313\Lib\site-packages\django\template\base.py", line 163, in _render
    return self.nodelist.render(context)
           ~~~~~~~~~~~~~~~~~~~~^^^^^^^^^
  File "C:\Users\lymuthien\AppData\Local\Programs\Python\Python313\Lib\site-packages\django\template\base.py", line 1016, in render
    return SafeString("".join([node.render_annotated(context) for node in self]))
                               ~~~~~~~~~~~~~~~~~~~~~^^^^^^^^^
  File "C:\Users\lymuthien\AppData\Local\Programs\Python\Python313\Lib\site-packages\django\template\base.py", line 977, in render_annotated
    return self.render(context)
           ~~~~~~~~~~~^^^^^^^^^
  File "C:\Users\lymuthien\AppData\Local\Programs\Python\Python313\Lib\site-packages\django\template\loader_tags.py", line 65, in render
    result = block.nodelist.render(context)
  File "C:\Users\lymuthien\AppData\Local\Programs\Python\Python313\Lib\site-packages\django\template\base.py", line 1016, in render
    return SafeString("".join([node.render_annotated(context) for node in self]))
                               ~~~~~~~~~~~~~~~~~~~~~^^^^^^^^^
  File "C:\Users\lymuthien\AppData\Local\Programs\Python\Python313\Lib\site-packages\django\template\base.py", line 977, in render_annotated
    return self.render(context)
           ~~~~~~~~~~~^^^^^^^^^
  File "C:\Users\lymuthien\AppData\Local\Programs\Python\Python313\Lib\site-packages\django\template\defaulttags.py", line 327, in render
    return nodelist.render(context)
           ~~~~~~~~~~~~~~~^^^^^^^^^
  File "C:\Users\lymuthien\AppData\Local\Programs\Python\Python313\Lib\site-packages\django\template\base.py", line 1016, in render
    return SafeString("".join([node.render_annotated(context) for node in self]))
                               ~~~~~~~~~~~~~~~~~~~~~^^^^^^^^^
  File "C:\Users\lymuthien\AppData\Local\Programs\Python\Python313\Lib\site-packages\django\template\base.py", line 977, in render_annotated
    return self.render(context)
           ~~~~~~~~~~~^^^^^^^^^
  File "C:\Users\lymuthien\AppData\Local\Programs\Python\Python313\Lib\site-packages\django\template\defaulttags.py", line 327, in render
    return nodelist.render(context)
           ~~~~~~~~~~~~~~~^^^^^^^^^
  File "C:\Users\lymuthien\AppData\Local\Programs\Python\Python313\Lib\site-packages\django\template\base.py", line 1016, in render
    return SafeString("".join([node.render_annotated(context) for node in self]))
                               ~~~~~~~~~~~~~~~~~~~~~^^^^^^^^^
  File "C:\Users\lymuthien\AppData\Local\Programs\Python\Python313\Lib\site-packages\django\template\base.py", line 977, in render_annotated
    return self.render(context)
           ~~~~~~~~~~~^^^^^^^^^
  File "C:\Users\lymuthien\AppData\Local\Programs\Python\Python313\Lib\site-packages\django\template\defaulttags.py", line 480, in render
    url = reverse(view_name, args=args, kwargs=kwargs, current_app=current_app)
  File "C:\Users\lymuthien\AppData\Local\Programs\Python\Python313\Lib\site-packages\django\urls\base.py", line 98, in reverse
    resolved_url = resolver._reverse_with_prefix(view, prefix, *args, **kwargs)
  File "C:\Users\lymuthien\AppData\Local\Programs\Python\Python313\Lib\site-packages\django\urls\resolvers.py", line 831, in _reverse_with_prefix
    raise NoReverseMatch(msg)
django.urls.exceptions.NoReverseMatch: Reverse for 'estate_create' not found. 'estate_create' is not a valid view function or pattern name.
2025-08-22 22:27:53,510 INFO views AvailableEstateListView queryset prepared
2025-08-22 22:27:53,575 ERROR log Internal Server Error: /catalog/
Traceback (most recent call last):
  File "C:\Users\lymuthien\AppData\Local\Programs\Python\Python313\Lib\site-packages\django\core\handlers\exception.py", line 55, in inner
    response = get_response(request)
  File "C:\Users\lymuthien\AppData\Local\Programs\Python\Python313\Lib\site-packages\django\core\handlers\base.py", line 220, in _get_response
    response = response.render()
  File "C:\Users\lymuthien\AppData\Local\Programs\Python\Python313\Lib\site-packages\django\template\response.py", line 114, in render
    self.content = self.rendered_content
                   ^^^^^^^^^^^^^^^^^^^^^
  File "C:\Users\lymuthien\AppData\Local\Programs\Python\Python313\Lib\site-packages\django\template\response.py", line 92, in rendered_content
    return template.render(context, self._request)
           ~~~~~~~~~~~~~~~^^^^^^^^^^^^^^^^^^^^^^^^
  File "C:\Users\lymuthien\AppData\Local\Programs\Python\Python313\Lib\site-packages\django\template\backends\django.py", line 107, in render
    return self.template.render(context)
           ~~~~~~~~~~~~~~~~~~~~^^^^^^^^^
  File "C:\Users\lymuthien\AppData\Local\Programs\Python\Python313\Lib\site-packages\django\template\base.py", line 171, in render
    return self._render(context)
           ~~~~~~~~~~~~^^^^^^^^^
  File "C:\Users\lymuthien\AppData\Local\Programs\Python\Python313\Lib\site-packages\django\template\base.py", line 163, in _render
    return self.nodelist.render(context)
           ~~~~~~~~~~~~~~~~~~~~^^^^^^^^^
  File "C:\Users\lymuthien\AppData\Local\Programs\Python\Python313\Lib\site-packages\django\template\base.py", line 1016, in render
    return SafeString("".join([node.render_annotated(context) for node in self]))
                               ~~~~~~~~~~~~~~~~~~~~~^^^^^^^^^
  File "C:\Users\lymuthien\AppData\Local\Programs\Python\Python313\Lib\site-packages\django\template\base.py", line 977, in render_annotated
    return self.render(context)
           ~~~~~~~~~~~^^^^^^^^^
  File "C:\Users\lymuthien\AppData\Local\Programs\Python\Python313\Lib\site-packages\django\template\loader_tags.py", line 159, in render
    return compiled_parent._render(context)
           ~~~~~~~~~~~~~~~~~~~~~~~^^^^^^^^^
  File "C:\Users\lymuthien\AppData\Local\Programs\Python\Python313\Lib\site-packages\django\template\base.py", line 163, in _render
    return self.nodelist.render(context)
           ~~~~~~~~~~~~~~~~~~~~^^^^^^^^^
  File "C:\Users\lymuthien\AppData\Local\Programs\Python\Python313\Lib\site-packages\django\template\base.py", line 1016, in render
    return SafeString("".join([node.render_annotated(context) for node in self]))
                               ~~~~~~~~~~~~~~~~~~~~~^^^^^^^^^
  File "C:\Users\lymuthien\AppData\Local\Programs\Python\Python313\Lib\site-packages\django\template\base.py", line 977, in render_annotated
    return self.render(context)
           ~~~~~~~~~~~^^^^^^^^^
  File "C:\Users\lymuthien\AppData\Local\Programs\Python\Python313\Lib\site-packages\django\template\loader_tags.py", line 65, in render
    result = block.nodelist.render(context)
  File "C:\Users\lymuthien\AppData\Local\Programs\Python\Python313\Lib\site-packages\django\template\base.py", line 1016, in render
    return SafeString("".join([node.render_annotated(context) for node in self]))
                               ~~~~~~~~~~~~~~~~~~~~~^^^^^^^^^
  File "C:\Users\lymuthien\AppData\Local\Programs\Python\Python313\Lib\site-packages\django\template\base.py", line 977, in render_annotated
    return self.render(context)
           ~~~~~~~~~~~^^^^^^^^^
  File "C:\Users\lymuthien\AppData\Local\Programs\Python\Python313\Lib\site-packages\django\template\defaulttags.py", line 327, in render
    return nodelist.render(context)
           ~~~~~~~~~~~~~~~^^^^^^^^^
  File "C:\Users\lymuthien\AppData\Local\Programs\Python\Python313\Lib\site-packages\django\template\base.py", line 1016, in render
    return SafeString("".join([node.render_annotated(context) for node in self]))
                               ~~~~~~~~~~~~~~~~~~~~~^^^^^^^^^
  File "C:\Users\lymuthien\AppData\Local\Programs\Python\Python313\Lib\site-packages\django\template\base.py", line 977, in render_annotated
    return self.render(context)
           ~~~~~~~~~~~^^^^^^^^^
  File "C:\Users\lymuthien\AppData\Local\Programs\Python\Python313\Lib\site-packages\django\template\defaulttags.py", line 327, in render
    return nodelist.render(context)
           ~~~~~~~~~~~~~~~^^^^^^^^^
  File "C:\Users\lymuthien\AppData\Local\Programs\Python\Python313\Lib\site-packages\django\template\base.py", line 1016, in render
    return SafeString("".join([node.render_annotated(context) for node in self]))
                               ~~~~~~~~~~~~~~~~~~~~~^^^^^^^^^
  File "C:\Users\lymuthien\AppData\Local\Programs\Python\Python313\Lib\site-packages\django\template\base.py", line 977, in render_annotated
    return self.render(context)
           ~~~~~~~~~~~^^^^^^^^^
  File "C:\Users\lymuthien\AppData\Local\Programs\Python\Python313\Lib\site-packages\django\template\defaulttags.py", line 480, in render
    url = reverse(view_name, args=args, kwargs=kwargs, current_app=current_app)
  File "C:\Users\lymuthien\AppData\Local\Programs\Python\Python313\Lib\site-packages\django\urls\base.py", line 98, in reverse
    resolved_url = resolver._reverse_with_prefix(view, prefix, *args, **kwargs)
  File "C:\Users\lymuthien\AppData\Local\Programs\Python\Python313\Lib\site-packages\django\urls\resolvers.py", line 831, in _reverse_with_prefix
    raise NoReverseMatch(msg)
django.urls.exceptions.NoReverseMatch: Reverse for '' not found. '' is not a valid view function or pattern name.
2025-08-22 22:28:01,175 INFO views AvailableEstateListView queryset prepared
2025-08-22 22:28:04,485 WARNING log Not Found: /catalog/{}
2025-08-22 22:30:56,349 WARNING views User not authenticated or no client, request_exists set to False
2025-08-22 22:30:56,524 ERROR mapbox_client Error while requesting Mapbox API for address Гольшанская ул, 32, Минск: 401 Client Error: Unauthorized for url: https://api.mapbox.com/geocoding/v5/mapbox.places/%D0%93%D0%BE%D0%BB%D1%8C%D1%88%D0%B0%D0%BD%D1%81%D0%BA%D0%B0%D1%8F%20%D1%83%D0%BB%2C%2032%2C%20%D0%9C%D0%B8%D0%BD%D1%81%D0%BA.json?types=address&language=ru&limit=1
2025-08-22 22:30:56,525 INFO views EstateDetailView context prepared
2025-08-22 22:30:56,561 ERROR log Internal Server Error: /catalog/estate/22/
Traceback (most recent call last):
  File "C:\Users\lymuthien\AppData\Local\Programs\Python\Python313\Lib\site-packages\django\core\handlers\exception.py", line 55, in inner
    response = get_response(request)
  File "C:\Users\lymuthien\AppData\Local\Programs\Python\Python313\Lib\site-packages\django\core\handlers\base.py", line 220, in _get_response
    response = response.render()
  File "C:\Users\lymuthien\AppData\Local\Programs\Python\Python313\Lib\site-packages\django\template\response.py", line 114, in render
    self.content = self.rendered_content
                   ^^^^^^^^^^^^^^^^^^^^^
  File "C:\Users\lymuthien\AppData\Local\Programs\Python\Python313\Lib\site-packages\django\template\response.py", line 92, in rendered_content
    return template.render(context, self._request)
           ~~~~~~~~~~~~~~~^^^^^^^^^^^^^^^^^^^^^^^^
  File "C:\Users\lymuthien\AppData\Local\Programs\Python\Python313\Lib\site-packages\django\template\backends\django.py", line 107, in render
    return self.template.render(context)
           ~~~~~~~~~~~~~~~~~~~~^^^^^^^^^
  File "C:\Users\lymuthien\AppData\Local\Programs\Python\Python313\Lib\site-packages\django\template\base.py", line 171, in render
    return self._render(context)
           ~~~~~~~~~~~~^^^^^^^^^
  File "C:\Users\lymuthien\AppData\Local\Programs\Python\Python313\Lib\site-packages\django\template\base.py", line 163, in _render
    return self.nodelist.render(context)
           ~~~~~~~~~~~~~~~~~~~~^^^^^^^^^
  File "C:\Users\lymuthien\AppData\Local\Programs\Python\Python313\Lib\site-packages\django\template\base.py", line 1016, in render
    return SafeString("".join([node.render_annotated(context) for node in self]))
                               ~~~~~~~~~~~~~~~~~~~~~^^^^^^^^^
  File "C:\Users\lymuthien\AppData\Local\Programs\Python\Python313\Lib\site-packages\django\template\base.py", line 977, in render_annotated
    return self.render(context)
           ~~~~~~~~~~~^^^^^^^^^
  File "C:\Users\lymuthien\AppData\Local\Programs\Python\Python313\Lib\site-packages\django\template\loader_tags.py", line 159, in render
    return compiled_parent._render(context)
           ~~~~~~~~~~~~~~~~~~~~~~~^^^^^^^^^
  File "C:\Users\lymuthien\AppData\Local\Programs\Python\Python313\Lib\site-packages\django\template\base.py", line 163, in _render
    return self.nodelist.render(context)
           ~~~~~~~~~~~~~~~~~~~~^^^^^^^^^
  File "C:\Users\lymuthien\AppData\Local\Programs\Python\Python313\Lib\site-packages\django\template\base.py", line 1016, in render
    return SafeString("".join([node.render_annotated(context) for node in self]))
                               ~~~~~~~~~~~~~~~~~~~~~^^^^^^^^^
  File "C:\Users\lymuthien\AppData\Local\Programs\Python\Python313\Lib\site-packages\django\template\base.py", line 977, in render_annotated
    return self.render(context)
           ~~~~~~~~~~~^^^^^^^^^
  File "C:\Users\lymuthien\AppData\Local\Programs\Python\Python313\Lib\site-packages\django\template\loader_tags.py", line 65, in render
    result = block.nodelist.render(context)
  File "C:\Users\lymuthien\AppData\Local\Programs\Python\Python313\Lib\site-packages\django\template\base.py", line 1016, in render
    return SafeString("".join([node.render_annotated(context) for node in self]))
                               ~~~~~~~~~~~~~~~~~~~~~^^^^^^^^^
  File "C:\Users\lymuthien\AppData\Local\Programs\Python\Python313\Lib\site-packages\django\template\base.py", line 977, in render_annotated
    return self.render(context)
           ~~~~~~~~~~~^^^^^^^^^
  File "C:\Users\lymuthien\AppData\Local\Programs\Python\Python313\Lib\site-packages\django\template\defaulttags.py", line 327, in render
    return nodelist.render(context)
           ~~~~~~~~~~~~~~~^^^^^^^^^
  File "C:\Users\lymuthien\AppData\Local\Programs\Python\Python313\Lib\site-packages\django\template\base.py", line 1016, in render
    return SafeString("".join([node.render_annotated(context) for node in self]))
                               ~~~~~~~~~~~~~~~~~~~~~^^^^^^^^^
  File "C:\Users\lymuthien\AppData\Local\Programs\Python\Python313\Lib\site-packages\django\template\base.py", line 977, in render_annotated
    return self.render(context)
           ~~~~~~~~~~~^^^^^^^^^
  File "C:\Users\lymuthien\AppData\Local\Programs\Python\Python313\Lib\site-packages\django\template\defaulttags.py", line 327, in render
    return nodelist.render(context)
           ~~~~~~~~~~~~~~~^^^^^^^^^
  File "C:\Users\lymuthien\AppData\Local\Programs\Python\Python313\Lib\site-packages\django\template\base.py", line 1016, in render
    return SafeString("".join([node.render_annotated(context) for node in self]))
                               ~~~~~~~~~~~~~~~~~~~~~^^^^^^^^^
  File "C:\Users\lymuthien\AppData\Local\Programs\Python\Python313\Lib\site-packages\django\template\base.py", line 977, in render_annotated
    return self.render(context)
           ~~~~~~~~~~~^^^^^^^^^
  File "C:\Users\lymuthien\AppData\Local\Programs\Python\Python313\Lib\site-packages\django\template\defaulttags.py", line 480, in render
    url = reverse(view_name, args=args, kwargs=kwargs, current_app=current_app)
  File "C:\Users\lymuthien\AppData\Local\Programs\Python\Python313\Lib\site-packages\django\urls\base.py", line 98, in reverse
    resolved_url = resolver._reverse_with_prefix(view, prefix, *args, **kwargs)
  File "C:\Users\lymuthien\AppData\Local\Programs\Python\Python313\Lib\site-packages\django\urls\resolvers.py", line 831, in _reverse_with_prefix
    raise NoReverseMatch(msg)
django.urls.exceptions.NoReverseMatch: Reverse for 'estate_update' not found. 'estate_update' is not a valid view function or pattern name.
2025-08-22 22:31:07,227 WARNING views User not authenticated or no client, request_exists set to False
2025-08-22 22:31:07,483 ERROR mapbox_client Error while requesting Mapbox API for address Гольшанская ул, 32, Минск: 401 Client Error: Unauthorized for url: https://api.mapbox.com/geocoding/v5/mapbox.places/%D0%93%D0%BE%D0%BB%D1%8C%D1%88%D0%B0%D0%BD%D1%81%D0%BA%D0%B0%D1%8F%20%D1%83%D0%BB%2C%2032%2C%20%D0%9C%D0%B8%D0%BD%D1%81%D0%BA.json?types=address&language=ru&limit=1
2025-08-22 22:31:07,484 INFO views EstateDetailView context prepared
2025-08-22 22:31:44,556 WARNING views User not authenticated or no client, request_exists set to False
2025-08-22 22:31:44,797 ERROR mapbox_client Error while requesting Mapbox API for address Гольшанская ул, 32, Минск: 401 Client Error: Unauthorized for url: https://api.mapbox.com/geocoding/v5/mapbox.places/%D0%93%D0%BE%D0%BB%D1%8C%D1%88%D0%B0%D0%BD%D1%81%D0%BA%D0%B0%D1%8F%20%D1%83%D0%BB%2C%2032%2C%20%D0%9C%D0%B8%D0%BD%D1%81%D0%BA.json?types=address&language=ru&limit=1
2025-08-22 22:31:44,798 INFO views EstateDetailView context prepared
2025-08-22 22:31:59,178 WARNING views User not authenticated or no client, request_exists set to False
2025-08-22 22:31:59,429 ERROR mapbox_client Error while requesting Mapbox API for address Гольшанская ул, 32, Минск: 401 Client Error: Unauthorized for url: https://api.mapbox.com/geocoding/v5/mapbox.places/%D0%93%D0%BE%D0%BB%D1%8C%D1%88%D0%B0%D0%BD%D1%81%D0%BA%D0%B0%D1%8F%20%D1%83%D0%BB%2C%2032%2C%20%D0%9C%D0%B8%D0%BD%D1%81%D0%BA.json?types=address&language=ru&limit=1
2025-08-22 22:31:59,429 INFO views EstateDetailView context prepared
2025-08-22 22:35:09,570 INFO autoreload D:\PythonProjects\BSUIR_IGI_STRWEB\IGI\LR5\real_estate_agency\catalog\views.py changed, reloading.
2025-08-22 22:35:10,570 INFO autoreload Watching for file changes with StatReloader
2025-08-22 22:35:41,051 INFO autoreload D:\PythonProjects\BSUIR_IGI_STRWEB\IGI\LR5\real_estate_agency\catalog\urls.py changed, reloading.
2025-08-22 22:35:41,928 INFO autoreload Watching for file changes with StatReloader
2025-08-22 22:37:48,974 INFO views AvailableEstateListView queryset prepared
2025-08-22 22:37:50,229 ERROR log Internal Server Error: /catalog/estate/create/
Traceback (most recent call last):
  File "C:\Users\lymuthien\AppData\Local\Programs\Python\Python313\Lib\site-packages\django\core\handlers\exception.py", line 55, in inner
    response = get_response(request)
  File "C:\Users\lymuthien\AppData\Local\Programs\Python\Python313\Lib\site-packages\django\core\handlers\base.py", line 220, in _get_response
    response = response.render()
  File "C:\Users\lymuthien\AppData\Local\Programs\Python\Python313\Lib\site-packages\django\template\response.py", line 114, in render
    self.content = self.rendered_content
                   ^^^^^^^^^^^^^^^^^^^^^
  File "C:\Users\lymuthien\AppData\Local\Programs\Python\Python313\Lib\site-packages\django\template\response.py", line 92, in rendered_content
    return template.render(context, self._request)
           ~~~~~~~~~~~~~~~^^^^^^^^^^^^^^^^^^^^^^^^
  File "C:\Users\lymuthien\AppData\Local\Programs\Python\Python313\Lib\site-packages\django\template\backends\django.py", line 107, in render
    return self.template.render(context)
           ~~~~~~~~~~~~~~~~~~~~^^^^^^^^^
  File "C:\Users\lymuthien\AppData\Local\Programs\Python\Python313\Lib\site-packages\django\template\base.py", line 171, in render
    return self._render(context)
           ~~~~~~~~~~~~^^^^^^^^^
  File "C:\Users\lymuthien\AppData\Local\Programs\Python\Python313\Lib\site-packages\django\template\base.py", line 163, in _render
    return self.nodelist.render(context)
           ~~~~~~~~~~~~~~~~~~~~^^^^^^^^^
  File "C:\Users\lymuthien\AppData\Local\Programs\Python\Python313\Lib\site-packages\django\template\base.py", line 1016, in render
    return SafeString("".join([node.render_annotated(context) for node in self]))
                               ~~~~~~~~~~~~~~~~~~~~~^^^^^^^^^
  File "C:\Users\lymuthien\AppData\Local\Programs\Python\Python313\Lib\site-packages\django\template\base.py", line 977, in render_annotated
    return self.render(context)
           ~~~~~~~~~~~^^^^^^^^^
  File "C:\Users\lymuthien\AppData\Local\Programs\Python\Python313\Lib\site-packages\django\template\loader_tags.py", line 159, in render
    return compiled_parent._render(context)
           ~~~~~~~~~~~~~~~~~~~~~~~^^^^^^^^^
  File "C:\Users\lymuthien\AppData\Local\Programs\Python\Python313\Lib\site-packages\django\template\base.py", line 163, in _render
    return self.nodelist.render(context)
           ~~~~~~~~~~~~~~~~~~~~^^^^^^^^^
  File "C:\Users\lymuthien\AppData\Local\Programs\Python\Python313\Lib\site-packages\django\template\base.py", line 1016, in render
    return SafeString("".join([node.render_annotated(context) for node in self]))
                               ~~~~~~~~~~~~~~~~~~~~~^^^^^^^^^
  File "C:\Users\lymuthien\AppData\Local\Programs\Python\Python313\Lib\site-packages\django\template\base.py", line 977, in render_annotated
    return self.render(context)
           ~~~~~~~~~~~^^^^^^^^^
  File "C:\Users\lymuthien\AppData\Local\Programs\Python\Python313\Lib\site-packages\django\template\loader_tags.py", line 65, in render
    result = block.nodelist.render(context)
  File "C:\Users\lymuthien\AppData\Local\Programs\Python\Python313\Lib\site-packages\django\template\base.py", line 1016, in render
    return SafeString("".join([node.render_annotated(context) for node in self]))
                               ~~~~~~~~~~~~~~~~~~~~~^^^^^^^^^
  File "C:\Users\lymuthien\AppData\Local\Programs\Python\Python313\Lib\site-packages\django\template\base.py", line 977, in render_annotated
    return self.render(context)
           ~~~~~~~~~~~^^^^^^^^^
  File "C:\Users\lymuthien\AppData\Local\Programs\Python\Python313\Lib\site-packages\django\template\defaulttags.py", line 327, in render
    return nodelist.render(context)
           ~~~~~~~~~~~~~~~^^^^^^^^^
  File "C:\Users\lymuthien\AppData\Local\Programs\Python\Python313\Lib\site-packages\django\template\base.py", line 1016, in render
    return SafeString("".join([node.render_annotated(context) for node in self]))
                               ~~~~~~~~~~~~~~~~~~~~~^^^^^^^^^
  File "C:\Users\lymuthien\AppData\Local\Programs\Python\Python313\Lib\site-packages\django\template\base.py", line 977, in render_annotated
    return self.render(context)
           ~~~~~~~~~~~^^^^^^^^^
  File "C:\Users\lymuthien\AppData\Local\Programs\Python\Python313\Lib\site-packages\django\template\defaulttags.py", line 480, in render
    url = reverse(view_name, args=args, kwargs=kwargs, current_app=current_app)
  File "C:\Users\lymuthien\AppData\Local\Programs\Python\Python313\Lib\site-packages\django\urls\base.py", line 98, in reverse
    resolved_url = resolver._reverse_with_prefix(view, prefix, *args, **kwargs)
  File "C:\Users\lymuthien\AppData\Local\Programs\Python\Python313\Lib\site-packages\django\urls\resolvers.py", line 831, in _reverse_with_prefix
    raise NoReverseMatch(msg)
django.urls.exceptions.NoReverseMatch: Reverse for 'estate_list' not found. 'estate_list' is not a valid view function or pattern name.
2025-08-22 22:38:36,165 INFO views AvailableEstateListView queryset prepared
2025-08-22 22:38:48,893 ERROR log Internal Server Error: /catalog/estate/create/
Traceback (most recent call last):
  File "C:\Users\lymuthien\AppData\Local\Programs\Python\Python313\Lib\site-packages\django\core\handlers\exception.py", line 55, in inner
    response = get_response(request)
  File "C:\Users\lymuthien\AppData\Local\Programs\Python\Python313\Lib\site-packages\django\core\handlers\base.py", line 220, in _get_response
    response = response.render()
  File "C:\Users\lymuthien\AppData\Local\Programs\Python\Python313\Lib\site-packages\django\template\response.py", line 114, in render
    self.content = self.rendered_content
                   ^^^^^^^^^^^^^^^^^^^^^
  File "C:\Users\lymuthien\AppData\Local\Programs\Python\Python313\Lib\site-packages\django\template\response.py", line 92, in rendered_content
    return template.render(context, self._request)
           ~~~~~~~~~~~~~~~^^^^^^^^^^^^^^^^^^^^^^^^
  File "C:\Users\lymuthien\AppData\Local\Programs\Python\Python313\Lib\site-packages\django\template\backends\django.py", line 107, in render
    return self.template.render(context)
           ~~~~~~~~~~~~~~~~~~~~^^^^^^^^^
  File "C:\Users\lymuthien\AppData\Local\Programs\Python\Python313\Lib\site-packages\django\template\base.py", line 171, in render
    return self._render(context)
           ~~~~~~~~~~~~^^^^^^^^^
  File "C:\Users\lymuthien\AppData\Local\Programs\Python\Python313\Lib\site-packages\django\template\base.py", line 163, in _render
    return self.nodelist.render(context)
           ~~~~~~~~~~~~~~~~~~~~^^^^^^^^^
  File "C:\Users\lymuthien\AppData\Local\Programs\Python\Python313\Lib\site-packages\django\template\base.py", line 1016, in render
    return SafeString("".join([node.render_annotated(context) for node in self]))
                               ~~~~~~~~~~~~~~~~~~~~~^^^^^^^^^
  File "C:\Users\lymuthien\AppData\Local\Programs\Python\Python313\Lib\site-packages\django\template\base.py", line 977, in render_annotated
    return self.render(context)
           ~~~~~~~~~~~^^^^^^^^^
  File "C:\Users\lymuthien\AppData\Local\Programs\Python\Python313\Lib\site-packages\django\template\loader_tags.py", line 159, in render
    return compiled_parent._render(context)
           ~~~~~~~~~~~~~~~~~~~~~~~^^^^^^^^^
  File "C:\Users\lymuthien\AppData\Local\Programs\Python\Python313\Lib\site-packages\django\template\base.py", line 163, in _render
    return self.nodelist.render(context)
           ~~~~~~~~~~~~~~~~~~~~^^^^^^^^^
  File "C:\Users\lymuthien\AppData\Local\Programs\Python\Python313\Lib\site-packages\django\template\base.py", line 1016, in render
    return SafeString("".join([node.render_annotated(context) for node in self]))
                               ~~~~~~~~~~~~~~~~~~~~~^^^^^^^^^
  File "C:\Users\lymuthien\AppData\Local\Programs\Python\Python313\Lib\site-packages\django\template\base.py", line 977, in render_annotated
    return self.render(context)
           ~~~~~~~~~~~^^^^^^^^^
  File "C:\Users\lymuthien\AppData\Local\Programs\Python\Python313\Lib\site-packages\django\template\loader_tags.py", line 65, in render
    result = block.nodelist.render(context)
  File "C:\Users\lymuthien\AppData\Local\Programs\Python\Python313\Lib\site-packages\django\template\base.py", line 1016, in render
    return SafeString("".join([node.render_annotated(context) for node in self]))
                               ~~~~~~~~~~~~~~~~~~~~~^^^^^^^^^
  File "C:\Users\lymuthien\AppData\Local\Programs\Python\Python313\Lib\site-packages\django\template\base.py", line 977, in render_annotated
    return self.render(context)
           ~~~~~~~~~~~^^^^^^^^^
  File "C:\Users\lymuthien\AppData\Local\Programs\Python\Python313\Lib\site-packages\django\template\defaulttags.py", line 327, in render
    return nodelist.render(context)
           ~~~~~~~~~~~~~~~^^^^^^^^^
  File "C:\Users\lymuthien\AppData\Local\Programs\Python\Python313\Lib\site-packages\django\template\base.py", line 1016, in render
    return SafeString("".join([node.render_annotated(context) for node in self]))
                               ~~~~~~~~~~~~~~~~~~~~~^^^^^^^^^
  File "C:\Users\lymuthien\AppData\Local\Programs\Python\Python313\Lib\site-packages\django\template\base.py", line 977, in render_annotated
    return self.render(context)
           ~~~~~~~~~~~^^^^^^^^^
  File "C:\Users\lymuthien\AppData\Local\Programs\Python\Python313\Lib\site-packages\django\template\defaulttags.py", line 480, in render
    url = reverse(view_name, args=args, kwargs=kwargs, current_app=current_app)
  File "C:\Users\lymuthien\AppData\Local\Programs\Python\Python313\Lib\site-packages\django\urls\base.py", line 98, in reverse
    resolved_url = resolver._reverse_with_prefix(view, prefix, *args, **kwargs)
  File "C:\Users\lymuthien\AppData\Local\Programs\Python\Python313\Lib\site-packages\django\urls\resolvers.py", line 831, in _reverse_with_prefix
    raise NoReverseMatch(msg)
django.urls.exceptions.NoReverseMatch: Reverse for 'catalog' not found. 'catalog' is not a valid view function or pattern name.
2025-08-22 22:39:15,135 WARNING views User not authenticated or no client, request_exists set to False
2025-08-22 22:39:15,314 ERROR mapbox_client Error while requesting Mapbox API for address Тимирязева ул, 28, Минск: 401 Client Error: Unauthorized for url: https://api.mapbox.com/geocoding/v5/mapbox.places/%D0%A2%D0%B8%D0%BC%D0%B8%D1%80%D1%8F%D0%B7%D0%B5%D0%B2%D0%B0%20%D1%83%D0%BB%2C%2028%2C%20%D0%9C%D0%B8%D0%BD%D1%81%D0%BA.json?types=address&language=ru&limit=1
2025-08-22 22:39:15,315 INFO views EstateDetailView context prepared
2025-08-22 22:39:16,822 INFO views AvailableEstateListView queryset prepared
2025-08-22 22:40:29,883 ERROR log Internal Server Error: /catalog/estate/create/
Traceback (most recent call last):
  File "C:\Users\lymuthien\AppData\Local\Programs\Python\Python313\Lib\site-packages\django\core\handlers\exception.py", line 55, in inner
    response = get_response(request)
  File "C:\Users\lymuthien\AppData\Local\Programs\Python\Python313\Lib\site-packages\django\core\handlers\base.py", line 197, in _get_response
    response = wrapped_callback(request, *callback_args, **callback_kwargs)
  File "C:\Users\lymuthien\AppData\Local\Programs\Python\Python313\Lib\site-packages\django\views\generic\base.py", line 105, in view
    return self.dispatch(request, *args, **kwargs)
           ~~~~~~~~~~~~~^^^^^^^^^^^^^^^^^^^^^^^^^^
  File "C:\Users\lymuthien\AppData\Local\Programs\Python\Python313\Lib\site-packages\django\contrib\auth\mixins.py", line 109, in dispatch
    return super().dispatch(request, *args, **kwargs)
           ~~~~~~~~~~~~~~~~^^^^^^^^^^^^^^^^^^^^^^^^^^
  File "C:\Users\lymuthien\AppData\Local\Programs\Python\Python313\Lib\site-packages\django\views\generic\base.py", line 144, in dispatch
    return handler(request, *args, **kwargs)
  File "C:\Users\lymuthien\AppData\Local\Programs\Python\Python313\Lib\site-packages\django\views\generic\edit.py", line 182, in post
    return super().post(request, *args, **kwargs)
           ~~~~~~~~~~~~^^^^^^^^^^^^^^^^^^^^^^^^^^
  File "C:\Users\lymuthien\AppData\Local\Programs\Python\Python313\Lib\site-packages\django\views\generic\edit.py", line 151, in post
    return self.form_valid(form)
           ~~~~~~~~~~~~~~~^^^^^^
  File "D:\PythonProjects\BSUIR_IGI_STRWEB\IGI\LR5\real_estate_agency\catalog\views.py", line 167, in form_valid
    return super().form_valid(form)
           ~~~~~~~~~~~~~~~~~~^^^^^^
  File "C:\Users\lymuthien\AppData\Local\Programs\Python\Python313\Lib\site-packages\django\views\generic\edit.py", line 134, in form_valid
    return super().form_valid(form)
           ~~~~~~~~~~~~~~~~~~^^^^^^
  File "C:\Users\lymuthien\AppData\Local\Programs\Python\Python313\Lib\site-packages\django\views\generic\edit.py", line 63, in form_valid
    return HttpResponseRedirect(self.get_success_url())
                                ~~~~~~~~~~~~~~~~~~~~^^
  File "C:\Users\lymuthien\AppData\Local\Programs\Python\Python313\Lib\site-packages\django\views\generic\edit.py", line 119, in get_success_url
    if self.success_url:
       ^^^^^^^^^^^^^^^^
  File "C:\Users\lymuthien\AppData\Local\Programs\Python\Python313\Lib\site-packages\django\utils\functional.py", line 187, in __wrapper__
    result = func(*self._args, **self._kw)
  File "C:\Users\lymuthien\AppData\Local\Programs\Python\Python313\Lib\site-packages\django\urls\base.py", line 98, in reverse
    resolved_url = resolver._reverse_with_prefix(view, prefix, *args, **kwargs)
  File "C:\Users\lymuthien\AppData\Local\Programs\Python\Python313\Lib\site-packages\django\urls\resolvers.py", line 831, in _reverse_with_prefix
    raise NoReverseMatch(msg)
django.urls.exceptions.NoReverseMatch: Reverse for 'estate_list' not found. 'estate_list' is not a valid view function or pattern name.
2025-08-22 22:41:16,836 INFO autoreload D:\PythonProjects\BSUIR_IGI_STRWEB\IGI\LR5\real_estate_agency\catalog\views.py changed, reloading.
2025-08-22 22:41:18,372 INFO autoreload Watching for file changes with StatReloader
2025-08-22 22:41:23,519 INFO views AvailableEstateListView queryset prepared
2025-08-22 22:41:26,844 INFO views AvailableEstateListView queryset prepared
2025-08-22 22:41:38,683 WARNING views User not authenticated or no client, request_exists set to False
2025-08-22 22:41:38,869 ERROR mapbox_client Error while requesting Mapbox API for address Минск, Брилевская, 3744: 401 Client Error: Unauthorized for url: https://api.mapbox.com/geocoding/v5/mapbox.places/%D0%9C%D0%B8%D0%BD%D1%81%D0%BA%2C%20%D0%91%D1%80%D0%B8%D0%BB%D0%B5%D0%B2%D1%81%D0%BA%D0%B0%D1%8F%2C%203744.json?types=address&language=ru&limit=1
2025-08-22 22:41:38,869 INFO views EstateDetailView context prepared
2025-08-22 22:41:43,900 WARNING views User not authenticated or no client, request_exists set to False
2025-08-22 22:41:44,234 ERROR mapbox_client Error while requesting Mapbox API for address Минск, Брилевская, 3744: 401 Client Error: Unauthorized for url: https://api.mapbox.com/geocoding/v5/mapbox.places/%D0%9C%D0%B8%D0%BD%D1%81%D0%BA%2C%20%D0%91%D1%80%D0%B8%D0%BB%D0%B5%D0%B2%D1%81%D0%BA%D0%B0%D1%8F%2C%203744.json?types=address&language=ru&limit=1
2025-08-22 22:41:44,235 INFO views EstateDetailView context prepared
2025-08-22 22:41:47,899 INFO views AvailableEstateListView queryset prepared
2025-08-22 22:41:56,681 INFO views AvailableEstateListView queryset prepared
2025-08-22 22:41:58,260 WARNING views User not authenticated or no client, request_exists set to False
2025-08-22 22:41:58,474 ERROR mapbox_client Error while requesting Mapbox API for address Минск, Брилевская, 3744: 401 Client Error: Unauthorized for url: https://api.mapbox.com/geocoding/v5/mapbox.places/%D0%9C%D0%B8%D0%BD%D1%81%D0%BA%2C%20%D0%91%D1%80%D0%B8%D0%BB%D0%B5%D0%B2%D1%81%D0%BA%D0%B0%D1%8F%2C%203744.json?types=address&language=ru&limit=1
2025-08-22 22:41:58,474 INFO views EstateDetailView context prepared
2025-08-22 22:42:03,907 INFO views AvailableEstateListView queryset prepared
2025-08-22 22:42:07,944 INFO views AvailableEstateListView queryset prepared
2025-08-22 22:42:37,062 INFO timezone_service ip:127.0.0.1
2025-08-22 22:42:37,513 INFO views Timezone determined for user lymuthien: UTC
2025-08-22 22:43:25,939 INFO autoreload Watching for file changes with StatReloader
2025-08-22 22:45:48,435 INFO timezone_service ip:127.0.0.1
2025-08-22 22:45:48,772 INFO views Timezone determined for user lymuthien: UTC
2025-08-22 22:49:26,740 INFO autoreload D:\PythonProjects\BSUIR_IGI_STRWEB\IGI\LR5\real_estate_agency\users\urls.py changed, reloading.
2025-08-22 22:49:28,053 INFO autoreload Watching for file changes with StatReloader
2025-08-22 22:49:45,927 INFO autoreload D:\PythonProjects\BSUIR_IGI_STRWEB\IGI\LR5\real_estate_agency\users\urls.py changed, reloading.
2025-08-22 22:49:47,254 INFO autoreload Watching for file changes with StatReloader
2025-08-22 22:50:05,906 INFO autoreload D:\PythonProjects\BSUIR_IGI_STRWEB\IGI\LR5\real_estate_agency\users\urls.py changed, reloading.
2025-08-22 22:50:07,188 INFO autoreload Watching for file changes with StatReloader
2025-08-22 22:50:54,551 INFO autoreload D:\PythonProjects\BSUIR_IGI_STRWEB\IGI\LR5\real_estate_agency\users\forms.py changed, reloading.
2025-08-22 22:50:55,840 INFO autoreload Watching for file changes with StatReloader
2025-08-22 22:52:15,686 INFO timezone_service ip:127.0.0.1
2025-08-22 22:52:15,987 INFO views Timezone determined for user lymuthien: UTC
2025-08-22 22:52:17,332 ERROR log Internal Server Error: /accounts/admin/clients/
Traceback (most recent call last):
  File "C:\Users\lymuthien\AppData\Local\Programs\Python\Python313\Lib\site-packages\django\core\handlers\exception.py", line 55, in inner
    response = get_response(request)
  File "C:\Users\lymuthien\AppData\Local\Programs\Python\Python313\Lib\site-packages\django\core\handlers\base.py", line 220, in _get_response
    response = response.render()
  File "C:\Users\lymuthien\AppData\Local\Programs\Python\Python313\Lib\site-packages\django\template\response.py", line 114, in render
    self.content = self.rendered_content
                   ^^^^^^^^^^^^^^^^^^^^^
  File "C:\Users\lymuthien\AppData\Local\Programs\Python\Python313\Lib\site-packages\django\template\response.py", line 90, in rendered_content
    template = self.resolve_template(self.template_name)
  File "C:\Users\lymuthien\AppData\Local\Programs\Python\Python313\Lib\site-packages\django\template\response.py", line 72, in resolve_template
    return select_template(template, using=self.using)
  File "C:\Users\lymuthien\AppData\Local\Programs\Python\Python313\Lib\site-packages\django\template\loader.py", line 47, in select_template
    raise TemplateDoesNotExist(", ".join(template_name_list), chain=chain)
django.template.exceptions.TemplateDoesNotExist: admin/admin_clients.html, users/client_list.html
2025-08-22 22:54:03,510 INFO autoreload D:\PythonProjects\BSUIR_IGI_STRWEB\IGI\LR5\real_estate_agency\users\views_admin.py changed, reloading.
2025-08-22 22:54:04,883 INFO autoreload Watching for file changes with StatReloader
2025-08-22 22:54:11,549 ERROR log Internal Server Error: /accounts/admin/client/19/edit/
Traceback (most recent call last):
  File "C:\Users\lymuthien\AppData\Local\Programs\Python\Python313\Lib\site-packages\django\core\handlers\exception.py", line 55, in inner
    response = get_response(request)
  File "C:\Users\lymuthien\AppData\Local\Programs\Python\Python313\Lib\site-packages\django\core\handlers\base.py", line 220, in _get_response
    response = response.render()
  File "C:\Users\lymuthien\AppData\Local\Programs\Python\Python313\Lib\site-packages\django\template\response.py", line 114, in render
    self.content = self.rendered_content
                   ^^^^^^^^^^^^^^^^^^^^^
  File "C:\Users\lymuthien\AppData\Local\Programs\Python\Python313\Lib\site-packages\django\template\response.py", line 90, in rendered_content
    template = self.resolve_template(self.template_name)
  File "C:\Users\lymuthien\AppData\Local\Programs\Python\Python313\Lib\site-packages\django\template\response.py", line 72, in resolve_template
    return select_template(template, using=self.using)
  File "C:\Users\lymuthien\AppData\Local\Programs\Python\Python313\Lib\site-packages\django\template\loader.py", line 47, in select_template
    raise TemplateDoesNotExist(", ".join(template_name_list), chain=chain)
django.template.exceptions.TemplateDoesNotExist: admin_client_form.html
2025-08-22 22:54:50,689 ERROR log Internal Server Error: /accounts/admin/client/11/edit/
Traceback (most recent call last):
  File "C:\Users\lymuthien\AppData\Local\Programs\Python\Python313\Lib\site-packages\django\core\handlers\exception.py", line 55, in inner
    response = get_response(request)
  File "C:\Users\lymuthien\AppData\Local\Programs\Python\Python313\Lib\site-packages\django\core\handlers\base.py", line 220, in _get_response
    response = response.render()
  File "C:\Users\lymuthien\AppData\Local\Programs\Python\Python313\Lib\site-packages\django\template\response.py", line 114, in render
    self.content = self.rendered_content
                   ^^^^^^^^^^^^^^^^^^^^^
  File "C:\Users\lymuthien\AppData\Local\Programs\Python\Python313\Lib\site-packages\django\template\response.py", line 90, in rendered_content
    template = self.resolve_template(self.template_name)
  File "C:\Users\lymuthien\AppData\Local\Programs\Python\Python313\Lib\site-packages\django\template\response.py", line 72, in resolve_template
    return select_template(template, using=self.using)
  File "C:\Users\lymuthien\AppData\Local\Programs\Python\Python313\Lib\site-packages\django\template\loader.py", line 47, in select_template
    raise TemplateDoesNotExist(", ".join(template_name_list), chain=chain)
django.template.exceptions.TemplateDoesNotExist: admin_client_form.html
2025-08-22 22:55:31,513 ERROR log Internal Server Error: /accounts/admin/client/19/edit/
Traceback (most recent call last):
  File "C:\Users\lymuthien\AppData\Local\Programs\Python\Python313\Lib\site-packages\django\core\handlers\exception.py", line 55, in inner
    response = get_response(request)
  File "C:\Users\lymuthien\AppData\Local\Programs\Python\Python313\Lib\site-packages\django\core\handlers\base.py", line 220, in _get_response
    response = response.render()
  File "C:\Users\lymuthien\AppData\Local\Programs\Python\Python313\Lib\site-packages\django\template\response.py", line 114, in render
    self.content = self.rendered_content
                   ^^^^^^^^^^^^^^^^^^^^^
  File "C:\Users\lymuthien\AppData\Local\Programs\Python\Python313\Lib\site-packages\django\template\response.py", line 90, in rendered_content
    template = self.resolve_template(self.template_name)
  File "C:\Users\lymuthien\AppData\Local\Programs\Python\Python313\Lib\site-packages\django\template\response.py", line 72, in resolve_template
    return select_template(template, using=self.using)
  File "C:\Users\lymuthien\AppData\Local\Programs\Python\Python313\Lib\site-packages\django\template\loader.py", line 47, in select_template
    raise TemplateDoesNotExist(", ".join(template_name_list), chain=chain)
django.template.exceptions.TemplateDoesNotExist: admin_client_form.html
2025-08-22 22:59:22,153 INFO autoreload D:\PythonProjects\BSUIR_IGI_STRWEB\IGI\LR5\real_estate_agency\users\forms.py changed, reloading.
2025-08-22 22:59:23,422 INFO autoreload Watching for file changes with StatReloader
2025-08-22 23:03:32,938 INFO timezone_service ip:127.0.0.1
2025-08-22 23:03:33,266 INFO views Timezone determined for user lymuthien: UTC
2025-08-22 23:04:56,557 INFO views AvailableEstateListView queryset prepared
2025-08-22 23:04:58,057 WARNING views User not authenticated or no client, request_exists set to False
2025-08-22 23:04:58,236 ERROR mapbox_client Error while requesting Mapbox API for address Тимирязева ул, 28, Минск: 401 Client Error: Unauthorized for url: https://api.mapbox.com/geocoding/v5/mapbox.places/%D0%A2%D0%B8%D0%BC%D0%B8%D1%80%D1%8F%D0%B7%D0%B5%D0%B2%D0%B0%20%D1%83%D0%BB%2C%2028%2C%20%D0%9C%D0%B8%D0%BD%D1%81%D0%BA.json?types=address&language=ru&limit=1
2025-08-22 23:04:58,236 INFO views EstateDetailView context prepared
2025-08-22 23:05:28,917 WARNING log Not Found: /estate/1/
2025-08-22 23:05:46,249 WARNING log Not Found: /estate/1/
2025-08-22 23:06:16,986 WARNING log Not Found: /estates/
2025-08-22 23:06:21,153 WARNING log Not Found: /estates/
2025-08-22 23:07:28,244 WARNING log Not Found: /estates/
2025-08-22 23:07:34,299 INFO views AvailableEstateListView queryset prepared
2025-08-22 23:07:40,372 WARNING views User not authenticated or no client, request_exists set to False
2025-08-22 23:07:40,514 ERROR mapbox_client Error while requesting Mapbox API for address Тимирязева ул, 28, Минск: 401 Client Error: Unauthorized for url: https://api.mapbox.com/geocoding/v5/mapbox.places/%D0%A2%D0%B8%D0%BC%D0%B8%D1%80%D1%8F%D0%B7%D0%B5%D0%B2%D0%B0%20%D1%83%D0%BB%2C%2028%2C%20%D0%9C%D0%B8%D0%BD%D1%81%D0%BA.json?types=address&language=ru&limit=1
2025-08-22 23:07:40,514 INFO views EstateDetailView context prepared
2025-08-22 23:07:42,917 WARNING views User not authenticated or no client, request_exists set to False
2025-08-22 23:07:43,017 ERROR mapbox_client Error while requesting Mapbox API for address Тимирязева ул, 28, Минск: 401 Client Error: Unauthorized for url: https://api.mapbox.com/geocoding/v5/mapbox.places/%D0%A2%D0%B8%D0%BC%D0%B8%D1%80%D1%8F%D0%B7%D0%B5%D0%B2%D0%B0%20%D1%83%D0%BB%2C%2028%2C%20%D0%9C%D0%B8%D0%BD%D1%81%D0%BA.json?types=address&language=ru&limit=1
2025-08-22 23:07:43,017 INFO views EstateDetailView context prepared
2025-08-22 23:08:09,668 WARNING views User not authenticated or no client, request_exists set to False
2025-08-22 23:08:09,846 ERROR mapbox_client Error while requesting Mapbox API for address Тимирязева ул, 28, Минск: 401 Client Error: Unauthorized for url: https://api.mapbox.com/geocoding/v5/mapbox.places/%D0%A2%D0%B8%D0%BC%D0%B8%D1%80%D1%8F%D0%B7%D0%B5%D0%B2%D0%B0%20%D1%83%D0%BB%2C%2028%2C%20%D0%9C%D0%B8%D0%BD%D1%81%D0%BA.json?types=address&language=ru&limit=1
2025-08-22 23:08:09,846 INFO views EstateDetailView context prepared
2025-08-22 23:09:00,479 WARNING views User not authenticated or no client, request_exists set to False
2025-08-22 23:09:00,692 ERROR mapbox_client Error while requesting Mapbox API for address Тимирязева ул, 28, Минск: 401 Client Error: Unauthorized for url: https://api.mapbox.com/geocoding/v5/mapbox.places/%D0%A2%D0%B8%D0%BC%D0%B8%D1%80%D1%8F%D0%B7%D0%B5%D0%B2%D0%B0%20%D1%83%D0%BB%2C%2028%2C%20%D0%9C%D0%B8%D0%BD%D1%81%D0%BA.json?types=address&language=ru&limit=1
2025-08-22 23:09:00,693 INFO views EstateDetailView context prepared
2025-08-22 23:09:01,768 WARNING log Not Found: /catalog/estate/3/update/image.jpg
2025-08-22 23:09:05,312 WARNING log Not Found: /estate/1/
2025-08-22 23:10:28,471 WARNING log Not Found: /estate/1/
2025-08-22 23:10:32,129 WARNING views User not authenticated or no client, request_exists set to False
2025-08-22 23:10:32,310 ERROR mapbox_client Error while requesting Mapbox API for address Тимирязева ул, 28, Минск: 401 Client Error: Unauthorized for url: https://api.mapbox.com/geocoding/v5/mapbox.places/%D0%A2%D0%B8%D0%BC%D0%B8%D1%80%D1%8F%D0%B7%D0%B5%D0%B2%D0%B0%20%D1%83%D0%BB%2C%2028%2C%20%D0%9C%D0%B8%D0%BD%D1%81%D0%BA.json?types=address&language=ru&limit=1
2025-08-22 23:10:32,310 INFO views EstateDetailView context prepared
2025-08-22 23:10:55,828 WARNING views User not authenticated or no client, request_exists set to False
2025-08-22 23:10:56,020 ERROR mapbox_client Error while requesting Mapbox API for address Тимирязева ул, 28, Минск: 401 Client Error: Unauthorized for url: https://api.mapbox.com/geocoding/v5/mapbox.places/%D0%A2%D0%B8%D0%BC%D0%B8%D1%80%D1%8F%D0%B7%D0%B5%D0%B2%D0%B0%20%D1%83%D0%BB%2C%2028%2C%20%D0%9C%D0%B8%D0%BD%D1%81%D0%BA.json?types=address&language=ru&limit=1
2025-08-22 23:10:56,020 INFO views EstateDetailView context prepared
2025-08-22 23:11:00,257 WARNING views User not authenticated or no client, request_exists set to False
2025-08-22 23:11:00,372 ERROR mapbox_client Error while requesting Mapbox API for address Тимирязева ул, 28, Минск: 401 Client Error: Unauthorized for url: https://api.mapbox.com/geocoding/v5/mapbox.places/%D0%A2%D0%B8%D0%BC%D0%B8%D1%80%D1%8F%D0%B7%D0%B5%D0%B2%D0%B0%20%D1%83%D0%BB%2C%2028%2C%20%D0%9C%D0%B8%D0%BD%D1%81%D0%BA.json?types=address&language=ru&limit=1
2025-08-22 23:11:00,373 INFO views EstateDetailView context prepared
2025-08-22 23:11:31,242 INFO views ServiceListView queryset prepared
2025-08-22 23:11:31,746 INFO views AvailableEstateListView queryset prepared
2025-08-22 23:11:31,778 ERROR log Internal Server Error: /catalog/
Traceback (most recent call last):
  File "C:\Users\lymuthien\AppData\Local\Programs\Python\Python313\Lib\site-packages\django\core\handlers\exception.py", line 55, in inner
    response = get_response(request)
  File "C:\Users\lymuthien\AppData\Local\Programs\Python\Python313\Lib\site-packages\django\core\handlers\base.py", line 220, in _get_response
    response = response.render()
  File "C:\Users\lymuthien\AppData\Local\Programs\Python\Python313\Lib\site-packages\django\template\response.py", line 114, in render
    self.content = self.rendered_content
                   ^^^^^^^^^^^^^^^^^^^^^
  File "C:\Users\lymuthien\AppData\Local\Programs\Python\Python313\Lib\site-packages\django\template\response.py", line 90, in rendered_content
    template = self.resolve_template(self.template_name)
  File "C:\Users\lymuthien\AppData\Local\Programs\Python\Python313\Lib\site-packages\django\template\response.py", line 72, in resolve_template
    return select_template(template, using=self.using)
  File "C:\Users\lymuthien\AppData\Local\Programs\Python\Python313\Lib\site-packages\django\template\loader.py", line 42, in select_template
    return engine.get_template(template_name)
           ~~~~~~~~~~~~~~~~~~~^^^^^^^^^^^^^^^
  File "C:\Users\lymuthien\AppData\Local\Programs\Python\Python313\Lib\site-packages\django\template\backends\django.py", line 79, in get_template
    return Template(self.engine.get_template(template_name), self)
                    ~~~~~~~~~~~~~~~~~~~~~~~~^^^^^^^^^^^^^^^
  File "C:\Users\lymuthien\AppData\Local\Programs\Python\Python313\Lib\site-packages\django\template\engine.py", line 177, in get_template
    template, origin = self.find_template(template_name)
                       ~~~~~~~~~~~~~~~~~~^^^^^^^^^^^^^^^
  File "C:\Users\lymuthien\AppData\Local\Programs\Python\Python313\Lib\site-packages\django\template\engine.py", line 159, in find_template
    template = loader.get_template(name, skip=skip)
  File "C:\Users\lymuthien\AppData\Local\Programs\Python\Python313\Lib\site-packages\django\template\loaders\cached.py", line 57, in get_template
    template = super().get_template(template_name, skip)
  File "C:\Users\lymuthien\AppData\Local\Programs\Python\Python313\Lib\site-packages\django\template\loaders\base.py", line 28, in get_template
    return Template(
        contents,
    ...<2 lines>...
        self.engine,
    )
  File "C:\Users\lymuthien\AppData\Local\Programs\Python\Python313\Lib\site-packages\django\template\base.py", line 154, in __init__
    self.nodelist = self.compile_nodelist()
                    ~~~~~~~~~~~~~~~~~~~~~^^
  File "C:\Users\lymuthien\AppData\Local\Programs\Python\Python313\Lib\site-packages\django\template\base.py", line 196, in compile_nodelist
    nodelist = parser.parse()
  File "C:\Users\lymuthien\AppData\Local\Programs\Python\Python313\Lib\site-packages\django\template\base.py", line 518, in parse
    raise self.error(token, e)
  File "C:\Users\lymuthien\AppData\Local\Programs\Python\Python313\Lib\site-packages\django\template\base.py", line 516, in parse
    compiled_result = compile_func(self, token)
  File "C:\Users\lymuthien\AppData\Local\Programs\Python\Python313\Lib\site-packages\django\template\loader_tags.py", line 299, in do_extends
    nodelist = parser.parse()
  File "C:\Users\lymuthien\AppData\Local\Programs\Python\Python313\Lib\site-packages\django\template\base.py", line 518, in parse
    raise self.error(token, e)
  File "C:\Users\lymuthien\AppData\Local\Programs\Python\Python313\Lib\site-packages\django\template\base.py", line 516, in parse
    compiled_result = compile_func(self, token)
  File "C:\Users\lymuthien\AppData\Local\Programs\Python\Python313\Lib\site-packages\django\template\loader_tags.py", line 299, in do_extends
    nodelist = parser.parse()
  File "C:\Users\lymuthien\AppData\Local\Programs\Python\Python313\Lib\site-packages\django\template\base.py", line 518, in parse
    raise self.error(token, e)
  File "C:\Users\lymuthien\AppData\Local\Programs\Python\Python313\Lib\site-packages\django\template\base.py", line 516, in parse
    compiled_result = compile_func(self, token)
  File "C:\Users\lymuthien\AppData\Local\Programs\Python\Python313\Lib\site-packages\django\template\loader_tags.py", line 228, in do_block
    raise TemplateSyntaxError(
        "'%s' tag with name '%s' appears more than once" % (bits[0], block_name)
    )
django.template.exceptions.TemplateSyntaxError: 'block' tag with name 'title' appears more than once
2025-08-22 23:11:40,699 INFO views AvailableEstateListView queryset prepared
2025-08-22 23:11:43,704 INFO views AvailableEstateListView queryset prepared
2025-08-22 23:11:52,981 WARNING views User not authenticated or no client, request_exists set to False
2025-08-22 23:11:53,099 ERROR mapbox_client Error while requesting Mapbox API for address Тимирязева ул, 28, Минск: 401 Client Error: Unauthorized for url: https://api.mapbox.com/geocoding/v5/mapbox.places/%D0%A2%D0%B8%D0%BC%D0%B8%D1%80%D1%8F%D0%B7%D0%B5%D0%B2%D0%B0%20%D1%83%D0%BB%2C%2028%2C%20%D0%9C%D0%B8%D0%BD%D1%81%D0%BA.json?types=address&language=ru&limit=1
2025-08-22 23:11:53,099 INFO views EstateDetailView context prepared
2025-08-22 23:11:57,998 INFO views AvailableEstateListView queryset prepared
2025-08-22 23:13:03,268 INFO views ServiceListView queryset prepared
2025-08-22 23:13:08,769 INFO views ServiceListView queryset prepared
2025-08-22 23:13:34,090 INFO views Preparing context for StatisticsView, user=lymuthien
2025-08-22 23:13:34,090 INFO statistic_calculator StatisticCalculator.get_sale_cost_stats()
2025-08-22 23:13:34,113 INFO statistic_calculator StatisticCalculator.get_client_ages()
2025-08-22 23:13:34,118 INFO statistic_calculator StatisticCalculator.get_services_sold_estate_count()
2025-08-22 23:13:34,121 INFO statistic_calculator StatisticCalculator.get_services_by_service_profit()
2025-08-22 23:13:34,124 INFO statistic_calculator StatisticCalculator.get_services_by_full_costs()
2025-08-22 23:13:34,126 INFO statistic_calculator StatisticCalculator.get_employees_by_service_profit()
2025-08-22 23:13:34,127 INFO statistic_calculator StatisticCalculator.get_employees_by_full_costs()
2025-08-22 23:13:34,471 INFO views StatisticsViewContext prepared for user: lymuthien
2025-08-22 23:18:27,988 INFO timezone_service ip:127.0.0.1
2025-08-22 23:18:28,263 INFO views Timezone determined for user lymuthien: UTC
2025-08-22 23:19:59,786 INFO timezone_service ip:127.0.0.1
2025-08-22 23:20:00,119 INFO views Timezone determined for user lymuthien: UTC
2025-08-22 23:23:22,858 INFO views ServiceListView queryset prepared
2025-08-22 23:23:26,526 INFO views AvailableEstateListView queryset prepared
2025-08-22 23:23:40,718 INFO views AvailableEstateListView queryset prepared
